// Jest Snapshot v1, https://goo.gl/fbAQLP

exports[`server-side appendUniversalPortals adds static mackup from portals to rendered HTML 1`] = `
"<html><head>
            <meta charset=\\"utf-8\\">
          <title data-react-universal-portal=\\"\\">Hello, World!</title></head>
          <body>
            <div id=\\"root\\"></div>
          
        
      <h1 data-react-universal-portal=\\"\\">Hello, World!</h1></body></html>"
`;

exports[`server-side appendUniversalPortals doesn't render non-latin characters as HTML entities 1`] = `
"<html><head>
            <meta charset=\\"utf-8\\">
          <title data-react-universal-portal=\\"\\">Привет, мир!</title></head>
          <body>
            <div id=\\"root\\"></div>
          
        
      <h1 data-react-universal-portal=\\"\\">Привет, мир!</h1></body></html>"
`;
